
> frontend@0.0.1 dev
> vite --host 127.0.0.1 --port 5173


  [32m[1mVITE[22m v5.4.21[39m  [2mready in [0m[1m2044[22m[2m[0m ms[22m

  [32m➜[39m  [1mLocal[22m:   [36mhttp://127.0.0.1:[1m5173[22m/[39m
[2m17:27:11[22m [36m[1m[vite][22m[39m [32mhmr update [39m[2m/src/features/dashboard/DashboardPage.tsx, /src/index.css[22m
[2m17:27:43[22m [36m[1m[vite][22m[39m [32mhmr update [39m[2m/src/features/dashboard/DashboardPage.tsx, /src/index.css[22m
[2m17:28:26[22m [36m[1m[vite][22m[39m [32mhmr update [39m[2m/src/features/dashboard/DashboardPage.tsx, /src/index.css[22m
[2m17:29:08[22m [36m[1m[vite][22m[39m [32mhmr update [39m[2m/src/features/dashboard/DashboardPage.tsx, /src/index.css[22m
[2m17:29:48[22m [36m[1m[vite][22m[39m [32mhmr update [39m[2m/src/index.css[22m
[2m17:30:14[22m [36m[1m[vite][22m[39m [32mhmr update [39m[2m/src/layout/Sidebar.tsx, /src/index.css[22m
[2m17:33:40[22m [36m[1m[vite][22m[39m [32mhmr update [39m[2m/src/index.css[22m
[2m17:33:45[22m [36m[1m[vite][22m[39m [32mhmr update [39m[2m/src/features/dashboard/DashboardPage.tsx, /src/index.css[22m
[2m17:35:10[22m [36m[1m[vite][22m[39m [32mhmr update [39m[2m/src/features/dashboard/DashboardPage.tsx, /src/index.css[22m
[2m18:52:23[22m [36m[1m[vite][22m[39m [32mhmr update [39m[2m/src/features/dashboard/DashboardPage.tsx, /src/index.css[22m
[2m18:52:43[22m [36m[1m[vite][22m[39m [32mhmr update [39m[2m/src/index.css[22m
[2m18:56:20[22m [36m[1m[vite][22m[39m [32mhmr update [39m[2m/src/features/dashboard/DashboardPage.tsx, /src/index.css[22m
[2m19:03:23[22m [36m[1m[vite][22m[39m [32mhmr update [39m[2m/src/features/dashboard/DashboardPage.tsx, /src/index.css[22m
[2m19:03:46[22m [36m[1m[vite][22m[39m [32mhmr update [39m[2m/src/features/dashboard/DateTimePicker.tsx, /src/index.css[22m
[2m19:03:46[22m [36m[1m[vite][22m[39m [32mhmr update [39m[2m/src/features/dashboard/DateTimePicker.tsx, /src/index.css[22m
[2m19:09:01[22m [36m[1m[vite][22m[39m [32mhmr update [39m[2m/src/features/dashboard/DashboardPage.tsx, /src/index.css[22m
[2m19:18:25[22m [36m[1m[vite][22m[39m [32mhmr update [39m[2m/src/features/dashboard/DashboardPage.tsx, /src/index.css[22m
[2m19:28:28[22m [36m[1m[vite][22m[39m [32mhmr update [39m[2m/src/layout/Sidebar.tsx, /src/index.css[22m
[2m19:28:39[22m [36m[1m[vite][22m[39m [32mhmr update [39m[2m/src/features/dashboard/DashboardPage.tsx, /src/index.css[22m
[2m19:28:49[22m [36m[1m[vite][22m[39m [32mhmr update [39m[2m/src/features/dashboard/DateTimePicker.tsx, /src/index.css[22m
[2m19:29:28[22m [36m[1m[vite][22m[39m [32mhmr update [39m[2m/src/features/dashboard/DateTimePicker.tsx, /src/index.css[22m
[2m19:42:40[22m [36m[1m[vite][22m[39m [32mhmr update [39m[2m/src/features/dashboard/DashboardPage.tsx, /src/index.css[22m
[2m20:41:29[22m [36m[1m[vite][22m[39m [32mhmr update [39m[2m/src/features/dashboard/DashboardPage.tsx, /src/index.css[22m
[2m20:41:35[22m [36m[1m[vite][22m[39m [32mhmr update [39m[2m/src/features/dashboard/DashboardPage.tsx, /src/index.css[22m
[2m20:45:11[22m [36m[1m[vite][22m[39m [32mhmr update [39m[2m/src/features/dashboard/DashboardPage.tsx, /src/index.css[22m
[2m20:45:19[22m [36m[1m[vite][22m[39m [32mhmr update [39m[2m/src/features/dashboard/DashboardPage.tsx, /src/index.css[22m
[2m20:45:28[22m [36m[1m[vite][22m[39m [32mhmr update [39m[2m/src/features/dashboard/DashboardPage.tsx, /src/index.css[22m
[2m20:45:42[22m [36m[1m[vite][22m[39m [32mhmr update [39m[2m/src/features/dashboard/TerminalMetrics.tsx, /src/index.css[22m
[2m20:49:03[22m [36m[1m[vite][22m[39m [32mhmr update [39m[2m/src/features/dashboard/TerminalMetrics.tsx, /src/index.css[22m
[2m21:09:18[22m [36m[1m[vite][22m[39m [32mhmr update [39m[2m/src/features/dashboard/DashboardPage.tsx, /src/index.css[22m
[2m21:09:27[22m [36m[1m[vite][22m[39m [32mhmr update [39m[2m/src/features/dashboard/DashboardPage.tsx, /src/index.css[22m
[2m21:09:44[22m [36m[1m[vite][22m[39m [32mhmr update [39m[2m/src/features/dashboard/DashboardPage.tsx, /src/index.css[22m
[2m21:11:23[22m [36m[1m[vite][22m[39m [32mhmr update [39m[2m/src/features/dashboard/GreetingWithWeather.tsx, /src/index.css[22m
[2m21:16:00[22m [36m[1m[vite][22m[39m [32mhmr update [39m[2m/src/features/dashboard/TerminalMetrics.tsx, /src/index.css[22m
[2m21:16:00[22m [36m[1m[vite][22m[39m [32mhmr update [39m[2m/src/features/dashboard/TerminalMetrics.tsx, /src/index.css[22m
[2m21:19:58[22m [36m[1m[vite][22m[39m [32mhmr update [39m[2m/src/features/dashboard/TerminalMetrics.tsx, /src/index.css[22m
[2m21:24:45[22m [36m[1m[vite][22m[39m [32mhmr update [39m[2m/src/features/dashboard/TerminalMetrics.tsx, /src/index.css[22m
[2m21:24:55[22m [36m[1m[vite][22m[39m [32mhmr update [39m[2m/src/features/dashboard/TerminalMetrics.tsx, /src/index.css[22m
[2m21:28:48[22m [36m[1m[vite][22m[39m [32mhmr update [39m[2m/src/features/dashboard/TerminalMetrics.tsx, /src/index.css[22m
[2m21:38:15[22m [36m[1m[vite][22m[39m [32mhmr update [39m[2m/src/features/dashboard/DashboardPage.tsx, /src/index.css[22m
[2m21:38:21[22m [36m[1m[vite][22m[39m [32mhmr update [39m[2m/src/features/dashboard/DashboardPage.tsx, /src/index.css[22m
[2m21:38:21[22m [36m[1m[vite][22m[39m [32mhmr update [39m[2m/src/features/dashboard/DashboardPage.tsx, /src/index.css[22m
[2m21:38:26[22m [36m[1m[vite][22m[39m [32mhmr update [39m[2m/src/features/dashboard/DashboardPage.tsx, /src/index.css[22m
[2m21:38:38[22m [36m[1m[vite][22m[39m [32mhmr update [39m[2m/src/features/dashboard/DashboardPage.tsx, /src/index.css[22m
[2m21:42:22[22m [36m[1m[vite][22m[39m [32mhmr update [39m[2m/src/index.css, /src/features/dashboard/DashboardPage.tsx[22m
[2m21:42:31[22m [36m[1m[vite][22m[39m [32mhmr update [39m[2m/src/features/dashboard/DashboardPage.tsx, /src/index.css[22m
[2m21:42:40[22m [36m[1m[vite][22m[39m [32mhmr update [39m[2m/src/features/dashboard/DashboardPage.tsx, /src/index.css[22m
[2m21:48:48[22m [36m[1m[vite][22m[39m [32mhmr update [39m[2m/src/index.css, /src/features/dashboard/DashboardPage.tsx[22m
[2m21:48:52[22m [36m[1m[vite][22m[39m [32mhmr update [39m[2m/src/index.css, /src/features/dashboard/DashboardPage.tsx[22m
[2m21:48:52[22m [36m[1m[vite][22m[39m [32mhmr update [39m[2m/src/index.css, /src/features/dashboard/DashboardPage.tsx[22m
[2m21:48:56[22m [36m[1m[vite][22m[39m [32mhmr update [39m[2m/src/index.css, /src/features/dashboard/DashboardPage.tsx[22m
[2m21:53:18[22m [36m[1m[vite][22m[39m [32mhmr update [39m[2m/src/index.css, /src/features/dashboard/DashboardPage.tsx[22m
[2m21:54:43[22m [36m[1m[vite][22m[39m [32mhmr update [39m[2m/src/index.css, /src/features/dashboard/DashboardPage.tsx[22m
[2m21:54:48[22m [36m[1m[vite][22m[39m [32mhmr update [39m[2m/src/index.css, /src/features/dashboard/DashboardPage.tsx[22m
[2m21:54:48[22m [36m[1m[vite][22m[39m [32mhmr update [39m[2m/src/index.css, /src/features/dashboard/DashboardPage.tsx[22m
[2m21:54:53[22m [36m[1m[vite][22m[39m [32mhmr update [39m[2m/src/index.css, /src/features/dashboard/DashboardPage.tsx[22m
[2m21:55:05[22m [36m[1m[vite][22m[39m [32mhmr update [39m[2m/src/features/dashboard/DashboardPage.tsx, /src/index.css[22m
[2m21:55:14[22m [36m[1m[vite][22m[39m [32mhmr update [39m[2m/src/features/dashboard/DashboardPage.tsx, /src/index.css[22m
[2m21:57:40[22m [36m[1m[vite][22m[39m [32mhmr update [39m[2m/src/features/dashboard/MicroWaterTracker.tsx, /src/index.css[22m
[2m22:35:32[22m [36m[1m[vite][22m[39m [32mhmr update [39m[2m/src/features/dashboard/DashboardPage.tsx, /src/index.css[22m
[2m22:38:58[22m [36m[1m[vite][22m[39m [32mhmr update [39m[2m/src/features/dashboard/DashboardPage.tsx, /src/index.css[22m
[2m22:39:17[22m [36m[1m[vite][22m[39m [32mhmr update [39m[2m/src/features/dashboard/DashboardPage.tsx, /src/index.css[22m
[2m22:42:14[22m [36m[1m[vite][22m[39m [32mhmr update [39m[2m/src/features/dashboard/DashboardPage.tsx, /src/index.css[22m
[2m22:42:18[22m [36m[1m[vite][22m[39m [32mhmr update [39m[2m/src/features/dashboard/DashboardPage.tsx, /src/index.css[22m
[2m22:42:27[22m [36m[1m[vite][22m[39m [32mhmr update [39m[2m/src/features/dashboard/DashboardPage.tsx, /src/index.css[22m
[2m22:42:28[22m [36m[1m[vite][22m[39m [32mhmr update [39m[2m/src/features/dashboard/DashboardPage.tsx, /src/index.css[22m
[2m23:02:14[22m [36m[1m[vite][22m[39m [32mhmr update [39m[2m/src/features/dashboard/DateTimePicker.tsx, /src/index.css[22m
[2m23:02:15[22m [36m[1m[vite][22m[39m [33mhmr invalidate [39m[2m/src/features/dashboard/DateTimePicker.tsx[22m Could not Fast Refresh (new export)
[2m23:02:15[22m [36m[1m[vite][22m[39m [32mhmr update [39m[2m/src/index.css, /src/features/dashboard/DashboardPage.tsx[22m
[2m23:02:24[22m [36m[1m[vite][22m[39m [32mhmr update [39m[2m/src/features/dashboard/DashboardPage.tsx, /src/index.css[22m
[2m23:02:32[22m [36m[1m[vite][22m[39m [32mhmr update [39m[2m/src/features/dashboard/DashboardPage.tsx, /src/index.css[22m
[2m23:02:41[22m [36m[1m[vite][22m[39m [32mhmr update [39m[2m/src/features/dashboard/DashboardPage.tsx, /src/index.css[22m
[2m23:02:58[22m [36m[1m[vite][22m[39m [32mhmr update [39m[2m/src/features/dashboard/DashboardPage.tsx, /src/index.css[22m
[2m23:03:07[22m [36m[1m[vite][22m[39m [32mhmr update [39m[2m/src/features/dashboard/DashboardPage.tsx, /src/index.css[22m
[2m23:03:20[22m [36m[1m[vite][22m[39m [32mhmr update [39m[2m/src/features/dashboard/DashboardPage.tsx, /src/index.css[22m
[2m23:11:08[22m [36m[1m[vite][22m[39m [32mhmr update [39m[2m/src/index.css, /src/features/dashboard/DashboardPage.tsx, /src/features/projects/ProjectsPage.tsx[22m
[2m23:18:45[22m [36m[1m[vite][22m[39m [32mhmr update [39m[2m/src/index.css, /src/features/dashboard/DashboardPage.tsx, /src/features/projects/ProjectsPage.tsx[22m
[2m23:18:46[22m [36m[1m[vite][22m[39m [32mhmr update [39m[2m/src/features/dashboard/MicroWaterTracker.tsx, /src/index.css[22m
[2m23:19:01[22m [36m[1m[vite][22m[39m [32mhmr update [39m[2m/src/features/dashboard/MicroWaterTracker.tsx, /src/index.css[22m
[2m23:19:42[22m [36m[1m[vite][22m[39m [32mhmr update [39m[2m/src/features/dashboard/DashboardPage.tsx, /src/index.css[22m
[2m23:20:21[22m [36m[1m[vite][22m[39m [32mhmr update [39m[2m/src/features/dashboard/DashboardPage.tsx, /src/index.css[22m
[2m23:29:52[22m [36m[1m[vite][22m[39m [32mhmr update [39m[2m/src/layout/AppLayout.tsx, /src/index.css[22m
[2m23:30:02[22m [36m[1m[vite][22m[39m [32m✨ new dependencies optimized: [33mgsap, gsap/ScrollTrigger[32m[39m
[2m23:30:02[22m [36m[1m[vite][22m[39m [32m✨ optimized dependencies changed. reloading[39m
[2m23:46:04[22m [36m[1m[vite][22m[39m [32mhmr update [39m[2m/src/layout/AppLayout.tsx, /src/index.css[22m
[2m23:46:04[22m [36m[1m[vite][22m[39m [32mhmr update [39m[2m/src/layout/AppLayout.tsx, /src/index.css[22m
[2m23:46:18[22m [36m[1m[vite][22m[39m [32mhmr update [39m[2m/src/components/CinematicFooter.tsx, /src/index.css[22m
[2m01:21:48[22m [36m[1m[vite][22m[39m [32mhmr update [39m[2m/src/features/projects/ProjectsPage.tsx, /src/index.css[22m
[2m01:22:51[22m [36m[1m[vite][22m[39m [32mhmr update [39m[2m/src/features/projects/ProjectsPage.tsx, /src/index.css[22m
[2m01:37:22[22m [36m[1m[vite][22m[39m [32mhmr update [39m[2m/src/features/projects/ProjectsPage.tsx, /src/index.css[22m
[2m01:38:26[22m [36m[1m[vite][22m[39m [32mhmr update [39m[2m/src/features/projects/ProjectsPage.tsx, /src/index.css[22m
[2m01:39:26[22m [36m[1m[vite][22m[39m [32mhmr update [39m[2m/src/features/projects/ProjectsPage.tsx, /src/index.css[22m
[2m01:39:44[22m [36m[1m[vite][22m[39m [32mhmr update [39m[2m/src/components/ui/moving-border.tsx, /src/index.css[22m
[2m01:40:02[22m [36m[1m[vite][22m[39m [32mhmr update [39m[2m/src/features/dashboard/DashboardPage.tsx, /src/index.css[22m
[2m01:40:21[22m [36m[1m[vite][22m[39m [32mhmr update [39m[2m/src/index.css[22m
[2m01:41:49[22m [36m[1m[vite][22m[39m [32mhmr update [39m[2m/src/index.css[22m
[2m01:42:09[22m [36m[1m[vite][22m[39m [32mhmr update [39m[2m/src/components/GlassFooter.tsx, /src/index.css[22m
[2m01:43:08[22m [36m[1m[vite][22m[39m [32mhmr update [39m[2m/src/components/GlassFooter.tsx, /src/index.css[22m
[2m01:43:52[22m [36m[1m[vite][22m[39m [32mhmr update [39m[2m/src/components/GlassFooter.tsx, /src/index.css[22m
[2m01:58:27[22m [36m[1m[vite][22m[39m [32mhmr update [39m[2m/src/App.tsx, /src/index.css, /src/components/LivingVineBackground.tsx, /src/layout/Sidebar.tsx[22m
[2m01:58:43[22m [36m[1m[vite][22m[39m [32mhmr update [39m[2m/src/components/PageHeader.tsx, /src/index.css[22m
[2m01:58:57[22m [36m[1m[vite][22m[39m [32mhmr update [39m[2m/src/features/projects/ProjectsPage.tsx, /src/index.css[22m
[2m01:59:37[22m [36m[1m[vite][22m[39m [32mhmr update [39m[2m/src/layout/Sidebar.tsx, /src/index.css[22m
[2m02:00:11[22m [36m[1m[vite][22m[39m [32mhmr update [39m[2m/src/components/PageHeader.tsx, /src/index.css[22m
[2m02:04:00[22m [36m[1m[vite][22m[39m [32mhmr update [39m[2m/src/layout/Sidebar.tsx, /src/index.css[22m
[2m02:07:10[22m [36m[1m[vite][22m[39m [32mhmr update [39m[2m/src/layout/Sidebar.tsx, /src/index.css[22m
[2m02:14:41[22m [36m[1m[vite][22m[39m [32mhmr update [39m[2m/src/features/projects/ProjectsPage.tsx, /src/index.css[22m
[2m02:31:55[22m [36m[1m[vite][22m[39m [32mhmr update [39m[2m/src/features/projects/ProjectsPage.tsx, /src/index.css[22m
[2m02:33:10[22m [36m[1m[vite][22m[39m [32mhmr update [39m[2m/src/features/projects/ProjectsPage.tsx, /src/index.css[22m
[2m02:34:13[22m [36m[1m[vite][22m[39m [32mhmr update [39m[2m/src/features/projects/ProjectsPage.tsx, /src/index.css[22m
[2m02:37:14[22m [36m[1m[vite][22m[39m [32mhmr update [39m[2m/src/features/projects/ProjectsPage.tsx, /src/index.css[22m
[2m02:38:12[22m [36m[1m[vite][22m[39m [32mhmr update [39m[2m/src/features/projects/ProjectsPage.tsx, /src/index.css[22m
[2m02:39:13[22m [36m[1m[vite][22m[39m [32m✨ new dependencies optimized: [33m@radix-ui/react-dialog[32m[39m
[2m02:39:13[22m [36m[1m[vite][22m[39m [32m✨ optimized dependencies changed. reloading[39m
[2m02:40:00[22m [36m[1m[vite][22m[39m [32mhmr update [39m[2m/src/features/projects/ProjectsPage.tsx, /src/index.css[22m
[2m02:42:13[22m [36m[1m[vite][22m[39m [32mhmr update [39m[2m/src/features/projects/ProjectsPage.tsx, /src/index.css[22m
[2m02:43:14[22m [36m[1m[vite][22m[39m [32mhmr update [39m[2m/src/features/projects/ProjectsPage.tsx, /src/index.css[22m
