[2m22:38:59[22m [31m[1m[vite][22m[39m [31mInternal server error: C:\Projelerim\Compileme\frontend\src\features\dashboard\DashboardPage.tsx: 'import' and 'export' may only appear at the top level. (1299:0)

[0m [90m 1297 |[31m }
 [90m 1298 |[31m
[31m[1m>[22m[31m[90m 1299 |[31m [36mexport[31m [36mdefault[31m [33mDashboardPage[31m
 [90m      |[31m [31m[1m^[22m[31m
 [90m 1300 |[31m[0m[39m
  Plugin: [35mvite:react-babel[39m
  File: [36mC:/Projelerim/Compileme/frontend/src/features/dashboard/DashboardPage.tsx[39m:1299:0
[33m  1297|  }
  1298|  
  1299|  export default DashboardPage
     |  ^
  1300|  [39m
      at constructor (C:\Projelerim\Compileme\frontend\node_modules\@babel\parser\lib\index.js:365:19)
      at TypeScriptParserMixin.raise (C:\Projelerim\Compileme\frontend\node_modules\@babel\parser\lib\index.js:6616:19)
      at TypeScriptParserMixin.parseStatementContent (C:\Projelerim\Compileme\frontend\node_modules\@babel\parser\lib\index.js:12888:18)
      at TypeScriptParserMixin.parseStatementContent (C:\Projelerim\Compileme\frontend\node_modules\@babel\parser\lib\index.js:9525:18)
      at TypeScriptParserMixin.parseStatementLike (C:\Projelerim\Compileme\frontend\node_modules\@babel\parser\lib\index.js:12784:17)
      at TypeScriptParserMixin.parseStatementListItem (C:\Projelerim\Compileme\frontend\node_modules\@babel\parser\lib\index.js:12764:17)
      at TypeScriptParserMixin.parseBlockOrModuleBlockBody (C:\Projelerim\Compileme\frontend\node_modules\@babel\parser\lib\index.js:13333:61)
      at TypeScriptParserMixin.parseBlockBody (C:\Projelerim\Compileme\frontend\node_modules\@babel\parser\lib\index.js:13326:10)
      at TypeScriptParserMixin.parseBlock (C:\Projelerim\Compileme\frontend\node_modules\@babel\parser\lib\index.js:13314:10)
      at TypeScriptParserMixin.parseFunctionBody (C:\Projelerim\Compileme\frontend\node_modules\@babel\parser\lib\index.js:12117:24)
      at TypeScriptParserMixin.parseArrowExpression (C:\Projelerim\Compileme\frontend\node_modules\@babel\parser\lib\index.js:12092:10)
      at TypeScriptParserMixin.parseParenAndDistinguishExpression (C:\Projelerim\Compileme\frontend\node_modules\@babel\parser\lib\index.js:11704:12)
      at TypeScriptParserMixin.parseExprAtom (C:\Projelerim\Compileme\frontend\node_modules\@babel\parser\lib\index.js:11348:23)
      at TypeScriptParserMixin.parseExprAtom (C:\Projelerim\Compileme\frontend\node_modules\@babel\parser\lib\index.js:4776:20)
      at TypeScriptParserMixin.parseExprSubscripts (C:\Projelerim\Compileme\frontend\node_modules\@babel\parser\lib\index.js:11098:23)
      at TypeScriptParserMixin.parseUpdate (C:\Projelerim\Compileme\frontend\node_modules\@babel\parser\lib\index.js:11083:21)
      at TypeScriptParserMixin.parseMaybeUnary (C:\Projelerim\Compileme\frontend\node_modules\@babel\parser\lib\index.js:11063:23)
      at TypeScriptParserMixin.parseMaybeUnary (C:\Projelerim\Compileme\frontend\node_modules\@babel\parser\lib\index.js:9854:18)
      at TypeScriptParserMixin.parseMaybeUnaryOrPrivate (C:\Projelerim\Compileme\frontend\node_modules\@babel\parser\lib\index.js:10916:61)
      at TypeScriptParserMixin.parseExprOps (C:\Projelerim\Compileme\frontend\node_modules\@babel\parser\lib\index.js:10921:23)
      at TypeScriptParserMixin.parseMaybeConditional (C:\Projelerim\Compileme\frontend\node_modules\@babel\parser\lib\index.js:10898:23)
      at TypeScriptParserMixin.parseMaybeAssign (C:\Projelerim\Compileme\frontend\node_modules\@babel\parser\lib\index.js:10848:21)
      at TypeScriptParserMixin.parseMaybeAssign (C:\Projelerim\Compileme\frontend\node_modules\@babel\parser\lib\index.js:9803:20)
      at C:\Projelerim\Compileme\frontend\node_modules\@babel\parser\lib\index.js:10817:39
      at TypeScriptParserMixin.allowInAnd (C:\Projelerim\Compileme\frontend\node_modules\@babel\parser\lib\index.js:12438:16)
      at TypeScriptParserMixin.parseMaybeAssignAllowIn (C:\Projelerim\Compileme\frontend\node_modules\@babel\parser\lib\index.js:10817:17)
      at TypeScriptParserMixin.parseVar (C:\Projelerim\Compileme\frontend\node_modules\@babel\parser\lib\index.js:13401:91)
      at TypeScriptParserMixin.parseVarStatement (C:\Projelerim\Compileme\frontend\node_modules\@babel\parser\lib\index.js:13247:10)
      at TypeScriptParserMixin.parseVarStatement (C:\Projelerim\Compileme\frontend\node_modules\@babel\parser\lib\index.js:9425:31)
      at TypeScriptParserMixin.parseStatementContent (C:\Projelerim\Compileme\frontend\node_modules\@babel\parser\lib\index.js:12868:23)
      at TypeScriptParserMixin.parseStatementContent (C:\Projelerim\Compileme\frontend\node_modules\@babel\parser\lib\index.js:9525:18)
      at TypeScriptParserMixin.parseStatementLike (C:\Projelerim\Compileme\frontend\node_modules\@babel\parser\lib\index.js:12784:17)
      at TypeScriptParserMixin.parseStatementListItem (C:\Projelerim\Compileme\frontend\node_modules\@babel\parser\lib\index.js:12764:17)
      at TypeScriptParserMixin.parseExportDeclaration (C:\Projelerim\Compileme\frontend\node_modules\@babel\parser\lib\index.js:13951:17)
      at TypeScriptParserMixin.parseExportDeclaration (C:\Projelerim\Compileme\frontend\node_modules\@babel\parser\lib\index.js:9646:85)
      at TypeScriptParserMixin.maybeParseExportDeclaration (C:\Projelerim\Compileme\frontend\node_modules\@babel\parser\lib\index.js:13910:31)
      at TypeScriptParserMixin.parseExport (C:\Projelerim\Compileme\frontend\node_modules\@babel\parser\lib\index.js:13829:29)
      at TypeScriptParserMixin.parseExport (C:\Projelerim\Compileme\frontend\node_modules\@babel\parser\lib\index.js:9402:20)
      at TypeScriptParserMixin.parseStatementContent (C:\Projelerim\Compileme\frontend\node_modules\@babel\parser\lib\index.js:12895:27)
      at TypeScriptParserMixin.parseStatementContent (C:\Projelerim\Compileme\frontend\node_modules\@babel\parser\lib\index.js:9525:18)
      at TypeScriptParserMixin.parseStatementLike (C:\Projelerim\Compileme\frontend\node_modules\@babel\parser\lib\index.js:12784:17)
      at TypeScriptParserMixin.parseModuleItem (C:\Projelerim\Compileme\frontend\node_modules\@babel\parser\lib\index.js:12761:17)
      at TypeScriptParserMixin.parseBlockOrModuleBlockBody (C:\Projelerim\Compileme\frontend\node_modules\@babel\parser\lib\index.js:13333:36)
      at TypeScriptParserMixin.parseBlockBody (C:\Projelerim\Compileme\frontend\node_modules\@babel\parser\lib\index.js:13326:10)
      at TypeScriptParserMixin.parseProgram (C:\Projelerim\Compileme\frontend\node_modules\@babel\parser\lib\index.js:12639:10)
      at TypeScriptParserMixin.parseTopLevel (C:\Projelerim\Compileme\frontend\node_modules\@babel\parser\lib\index.js:12629:25)
      at TypeScriptParserMixin.parse (C:\Projelerim\Compileme\frontend\node_modules\@babel\parser\lib\index.js:14505:25)
      at TypeScriptParserMixin.parse (C:\Projelerim\Compileme\frontend\node_modules\@babel\parser\lib\index.js:10143:18)
      at parse (C:\Projelerim\Compileme\frontend\node_modules\@babel\parser\lib\index.js:14539:38)
      at parser (C:\Projelerim\Compileme\frontend\node_modules\@babel\core\lib\parser\index.js:41:34)
[2m22:38:59[22m [31m[1m[vite][22m[39m [31mInternal server error: C:\Projelerim\Compileme\frontend\src\features\dashboard\DashboardPage.tsx: 'import' and 'export' may only appear at the top level. (1299:0)

[0m [90m 1297 |[31m }
 [90m 1298 |[31m
[31m[1m>[22m[31m[90m 1299 |[31m [36mexport[31m [36mdefault[31m [33mDashboardPage[31m
 [90m      |[31m [31m[1m^[22m[31m
 [90m 1300 |[31m[0m[39m
  Plugin: [35mvite:react-babel[39m
  File: [36mC:/Projelerim/Compileme/frontend/src/features/dashboard/DashboardPage.tsx[39m:1299:0
[33m  1297|  }
  1298|  
  1299|  export default DashboardPage
     |  ^
  1300|  [39m
      at constructor (C:\Projelerim\Compileme\frontend\node_modules\@babel\parser\lib\index.js:365:19)
      at TypeScriptParserMixin.raise (C:\Projelerim\Compileme\frontend\node_modules\@babel\parser\lib\index.js:6616:19)
      at TypeScriptParserMixin.parseStatementContent (C:\Projelerim\Compileme\frontend\node_modules\@babel\parser\lib\index.js:12888:18)
      at TypeScriptParserMixin.parseStatementContent (C:\Projelerim\Compileme\frontend\node_modules\@babel\parser\lib\index.js:9525:18)
      at TypeScriptParserMixin.parseStatementLike (C:\Projelerim\Compileme\frontend\node_modules\@babel\parser\lib\index.js:12784:17)
      at TypeScriptParserMixin.parseStatementListItem (C:\Projelerim\Compileme\frontend\node_modules\@babel\parser\lib\index.js:12764:17)
      at TypeScriptParserMixin.parseBlockOrModuleBlockBody (C:\Projelerim\Compileme\frontend\node_modules\@babel\parser\lib\index.js:13333:61)
      at TypeScriptParserMixin.parseBlockBody (C:\Projelerim\Compileme\frontend\node_modules\@babel\parser\lib\index.js:13326:10)
      at TypeScriptParserMixin.parseBlock (C:\Projelerim\Compileme\frontend\node_modules\@babel\parser\lib\index.js:13314:10)
      at TypeScriptParserMixin.parseFunctionBody (C:\Projelerim\Compileme\frontend\node_modules\@babel\parser\lib\index.js:12117:24)
      at TypeScriptParserMixin.parseArrowExpression (C:\Projelerim\Compileme\frontend\node_modules\@babel\parser\lib\index.js:12092:10)
      at TypeScriptParserMixin.parseParenAndDistinguishExpression (C:\Projelerim\Compileme\frontend\node_modules\@babel\parser\lib\index.js:11704:12)
      at TypeScriptParserMixin.parseExprAtom (C:\Projelerim\Compileme\frontend\node_modules\@babel\parser\lib\index.js:11348:23)
      at TypeScriptParserMixin.parseExprAtom (C:\Projelerim\Compileme\frontend\node_modules\@babel\parser\lib\index.js:4776:20)
      at TypeScriptParserMixin.parseExprSubscripts (C:\Projelerim\Compileme\frontend\node_modules\@babel\parser\lib\index.js:11098:23)
      at TypeScriptParserMixin.parseUpdate (C:\Projelerim\Compileme\frontend\node_modules\@babel\parser\lib\index.js:11083:21)
      at TypeScriptParserMixin.parseMaybeUnary (C:\Projelerim\Compileme\frontend\node_modules\@babel\parser\lib\index.js:11063:23)
      at TypeScriptParserMixin.parseMaybeUnary (C:\Projelerim\Compileme\frontend\node_modules\@babel\parser\lib\index.js:9854:18)
      at TypeScriptParserMixin.parseMaybeUnaryOrPrivate (C:\Projelerim\Compileme\frontend\node_modules\@babel\parser\lib\index.js:10916:61)
      at TypeScriptParserMixin.parseExprOps (C:\Projelerim\Compileme\frontend\node_modules\@babel\parser\lib\index.js:10921:23)
      at TypeScriptParserMixin.parseMaybeConditional (C:\Projelerim\Compileme\frontend\node_modules\@babel\parser\lib\index.js:10898:23)
      at TypeScriptParserMixin.parseMaybeAssign (C:\Projelerim\Compileme\frontend\node_modules\@babel\parser\lib\index.js:10848:21)
      at TypeScriptParserMixin.parseMaybeAssign (C:\Projelerim\Compileme\frontend\node_modules\@babel\parser\lib\index.js:9803:20)
      at C:\Projelerim\Compileme\frontend\node_modules\@babel\parser\lib\index.js:10817:39
      at TypeScriptParserMixin.allowInAnd (C:\Projelerim\Compileme\frontend\node_modules\@babel\parser\lib\index.js:12438:16)
      at TypeScriptParserMixin.parseMaybeAssignAllowIn (C:\Projelerim\Compileme\frontend\node_modules\@babel\parser\lib\index.js:10817:17)
      at TypeScriptParserMixin.parseVar (C:\Projelerim\Compileme\frontend\node_modules\@babel\parser\lib\index.js:13401:91)
      at TypeScriptParserMixin.parseVarStatement (C:\Projelerim\Compileme\frontend\node_modules\@babel\parser\lib\index.js:13247:10)
      at TypeScriptParserMixin.parseVarStatement (C:\Projelerim\Compileme\frontend\node_modules\@babel\parser\lib\index.js:9425:31)
      at TypeScriptParserMixin.parseStatementContent (C:\Projelerim\Compileme\frontend\node_modules\@babel\parser\lib\index.js:12868:23)
      at TypeScriptParserMixin.parseStatementContent (C:\Projelerim\Compileme\frontend\node_modules\@babel\parser\lib\index.js:9525:18)
      at TypeScriptParserMixin.parseStatementLike (C:\Projelerim\Compileme\frontend\node_modules\@babel\parser\lib\index.js:12784:17)
      at TypeScriptParserMixin.parseStatementListItem (C:\Projelerim\Compileme\frontend\node_modules\@babel\parser\lib\index.js:12764:17)
      at TypeScriptParserMixin.parseExportDeclaration (C:\Projelerim\Compileme\frontend\node_modules\@babel\parser\lib\index.js:13951:17)
      at TypeScriptParserMixin.parseExportDeclaration (C:\Projelerim\Compileme\frontend\node_modules\@babel\parser\lib\index.js:9646:85)
      at TypeScriptParserMixin.maybeParseExportDeclaration (C:\Projelerim\Compileme\frontend\node_modules\@babel\parser\lib\index.js:13910:31)
      at TypeScriptParserMixin.parseExport (C:\Projelerim\Compileme\frontend\node_modules\@babel\parser\lib\index.js:13829:29)
      at TypeScriptParserMixin.parseExport (C:\Projelerim\Compileme\frontend\node_modules\@babel\parser\lib\index.js:9402:20)
      at TypeScriptParserMixin.parseStatementContent (C:\Projelerim\Compileme\frontend\node_modules\@babel\parser\lib\index.js:12895:27)
      at TypeScriptParserMixin.parseStatementContent (C:\Projelerim\Compileme\frontend\node_modules\@babel\parser\lib\index.js:9525:18)
      at TypeScriptParserMixin.parseStatementLike (C:\Projelerim\Compileme\frontend\node_modules\@babel\parser\lib\index.js:12784:17)
      at TypeScriptParserMixin.parseModuleItem (C:\Projelerim\Compileme\frontend\node_modules\@babel\parser\lib\index.js:12761:17)
      at TypeScriptParserMixin.parseBlockOrModuleBlockBody (C:\Projelerim\Compileme\frontend\node_modules\@babel\parser\lib\index.js:13333:36)
      at TypeScriptParserMixin.parseBlockBody (C:\Projelerim\Compileme\frontend\node_modules\@babel\parser\lib\index.js:13326:10)
      at TypeScriptParserMixin.parseProgram (C:\Projelerim\Compileme\frontend\node_modules\@babel\parser\lib\index.js:12639:10)
      at TypeScriptParserMixin.parseTopLevel (C:\Projelerim\Compileme\frontend\node_modules\@babel\parser\lib\index.js:12629:25)
      at TypeScriptParserMixin.parse (C:\Projelerim\Compileme\frontend\node_modules\@babel\parser\lib\index.js:14505:25)
      at TypeScriptParserMixin.parse (C:\Projelerim\Compileme\frontend\node_modules\@babel\parser\lib\index.js:10143:18)
      at parse (C:\Projelerim\Compileme\frontend\node_modules\@babel\parser\lib\index.js:14539:38)
      at parser (C:\Projelerim\Compileme\frontend\node_modules\@babel\core\lib\parser\index.js:41:34)
[2m22:38:59[22m [31m[1m[vite][22m[39m [31mInternal server error: C:\Projelerim\Compileme\frontend\src\features\dashboard\DashboardPage.tsx: 'import' and 'export' may only appear at the top level. (1299:0)

[0m [90m 1297 |[31m }
 [90m 1298 |[31m
[31m[1m>[22m[31m[90m 1299 |[31m [36mexport[31m [36mdefault[31m [33mDashboardPage[31m
 [90m      |[31m [31m[1m^[22m[31m
 [90m 1300 |[31m[0m[39m
  Plugin: [35mvite:react-babel[39m
  File: [36mC:/Projelerim/Compileme/frontend/src/features/dashboard/DashboardPage.tsx[39m:1299:0
[33m  1297|  }
  1298|  
  1299|  export default DashboardPage
     |  ^
  1300|  [39m
      at constructor (C:\Projelerim\Compileme\frontend\node_modules\@babel\parser\lib\index.js:365:19)
      at TypeScriptParserMixin.raise (C:\Projelerim\Compileme\frontend\node_modules\@babel\parser\lib\index.js:6616:19)
      at TypeScriptParserMixin.parseStatementContent (C:\Projelerim\Compileme\frontend\node_modules\@babel\parser\lib\index.js:12888:18)
      at TypeScriptParserMixin.parseStatementContent (C:\Projelerim\Compileme\frontend\node_modules\@babel\parser\lib\index.js:9525:18)
      at TypeScriptParserMixin.parseStatementLike (C:\Projelerim\Compileme\frontend\node_modules\@babel\parser\lib\index.js:12784:17)
      at TypeScriptParserMixin.parseStatementListItem (C:\Projelerim\Compileme\frontend\node_modules\@babel\parser\lib\index.js:12764:17)
      at TypeScriptParserMixin.parseBlockOrModuleBlockBody (C:\Projelerim\Compileme\frontend\node_modules\@babel\parser\lib\index.js:13333:61)
      at TypeScriptParserMixin.parseBlockBody (C:\Projelerim\Compileme\frontend\node_modules\@babel\parser\lib\index.js:13326:10)
      at TypeScriptParserMixin.parseBlock (C:\Projelerim\Compileme\frontend\node_modules\@babel\parser\lib\index.js:13314:10)
      at TypeScriptParserMixin.parseFunctionBody (C:\Projelerim\Compileme\frontend\node_modules\@babel\parser\lib\index.js:12117:24)
      at TypeScriptParserMixin.parseArrowExpression (C:\Projelerim\Compileme\frontend\node_modules\@babel\parser\lib\index.js:12092:10)
      at TypeScriptParserMixin.parseParenAndDistinguishExpression (C:\Projelerim\Compileme\frontend\node_modules\@babel\parser\lib\index.js:11704:12)
      at TypeScriptParserMixin.parseExprAtom (C:\Projelerim\Compileme\frontend\node_modules\@babel\parser\lib\index.js:11348:23)
      at TypeScriptParserMixin.parseExprAtom (C:\Projelerim\Compileme\frontend\node_modules\@babel\parser\lib\index.js:4776:20)
      at TypeScriptParserMixin.parseExprSubscripts (C:\Projelerim\Compileme\frontend\node_modules\@babel\parser\lib\index.js:11098:23)
      at TypeScriptParserMixin.parseUpdate (C:\Projelerim\Compileme\frontend\node_modules\@babel\parser\lib\index.js:11083:21)
      at TypeScriptParserMixin.parseMaybeUnary (C:\Projelerim\Compileme\frontend\node_modules\@babel\parser\lib\index.js:11063:23)
      at TypeScriptParserMixin.parseMaybeUnary (C:\Projelerim\Compileme\frontend\node_modules\@babel\parser\lib\index.js:9854:18)
      at TypeScriptParserMixin.parseMaybeUnaryOrPrivate (C:\Projelerim\Compileme\frontend\node_modules\@babel\parser\lib\index.js:10916:61)
      at TypeScriptParserMixin.parseExprOps (C:\Projelerim\Compileme\frontend\node_modules\@babel\parser\lib\index.js:10921:23)
      at TypeScriptParserMixin.parseMaybeConditional (C:\Projelerim\Compileme\frontend\node_modules\@babel\parser\lib\index.js:10898:23)
      at TypeScriptParserMixin.parseMaybeAssign (C:\Projelerim\Compileme\frontend\node_modules\@babel\parser\lib\index.js:10848:21)
      at TypeScriptParserMixin.parseMaybeAssign (C:\Projelerim\Compileme\frontend\node_modules\@babel\parser\lib\index.js:9803:20)
      at C:\Projelerim\Compileme\frontend\node_modules\@babel\parser\lib\index.js:10817:39
      at TypeScriptParserMixin.allowInAnd (C:\Projelerim\Compileme\frontend\node_modules\@babel\parser\lib\index.js:12438:16)
      at TypeScriptParserMixin.parseMaybeAssignAllowIn (C:\Projelerim\Compileme\frontend\node_modules\@babel\parser\lib\index.js:10817:17)
      at TypeScriptParserMixin.parseVar (C:\Projelerim\Compileme\frontend\node_modules\@babel\parser\lib\index.js:13401:91)
      at TypeScriptParserMixin.parseVarStatement (C:\Projelerim\Compileme\frontend\node_modules\@babel\parser\lib\index.js:13247:10)
      at TypeScriptParserMixin.parseVarStatement (C:\Projelerim\Compileme\frontend\node_modules\@babel\parser\lib\index.js:9425:31)
      at TypeScriptParserMixin.parseStatementContent (C:\Projelerim\Compileme\frontend\node_modules\@babel\parser\lib\index.js:12868:23)
      at TypeScriptParserMixin.parseStatementContent (C:\Projelerim\Compileme\frontend\node_modules\@babel\parser\lib\index.js:9525:18)
      at TypeScriptParserMixin.parseStatementLike (C:\Projelerim\Compileme\frontend\node_modules\@babel\parser\lib\index.js:12784:17)
      at TypeScriptParserMixin.parseStatementListItem (C:\Projelerim\Compileme\frontend\node_modules\@babel\parser\lib\index.js:12764:17)
      at TypeScriptParserMixin.parseExportDeclaration (C:\Projelerim\Compileme\frontend\node_modules\@babel\parser\lib\index.js:13951:17)
      at TypeScriptParserMixin.parseExportDeclaration (C:\Projelerim\Compileme\frontend\node_modules\@babel\parser\lib\index.js:9646:85)
      at TypeScriptParserMixin.maybeParseExportDeclaration (C:\Projelerim\Compileme\frontend\node_modules\@babel\parser\lib\index.js:13910:31)
      at TypeScriptParserMixin.parseExport (C:\Projelerim\Compileme\frontend\node_modules\@babel\parser\lib\index.js:13829:29)
      at TypeScriptParserMixin.parseExport (C:\Projelerim\Compileme\frontend\node_modules\@babel\parser\lib\index.js:9402:20)
      at TypeScriptParserMixin.parseStatementContent (C:\Projelerim\Compileme\frontend\node_modules\@babel\parser\lib\index.js:12895:27)
      at TypeScriptParserMixin.parseStatementContent (C:\Projelerim\Compileme\frontend\node_modules\@babel\parser\lib\index.js:9525:18)
      at TypeScriptParserMixin.parseStatementLike (C:\Projelerim\Compileme\frontend\node_modules\@babel\parser\lib\index.js:12784:17)
      at TypeScriptParserMixin.parseModuleItem (C:\Projelerim\Compileme\frontend\node_modules\@babel\parser\lib\index.js:12761:17)
      at TypeScriptParserMixin.parseBlockOrModuleBlockBody (C:\Projelerim\Compileme\frontend\node_modules\@babel\parser\lib\index.js:13333:36)
      at TypeScriptParserMixin.parseBlockBody (C:\Projelerim\Compileme\frontend\node_modules\@babel\parser\lib\index.js:13326:10)
      at TypeScriptParserMixin.parseProgram (C:\Projelerim\Compileme\frontend\node_modules\@babel\parser\lib\index.js:12639:10)
      at TypeScriptParserMixin.parseTopLevel (C:\Projelerim\Compileme\frontend\node_modules\@babel\parser\lib\index.js:12629:25)
      at TypeScriptParserMixin.parse (C:\Projelerim\Compileme\frontend\node_modules\@babel\parser\lib\index.js:14505:25)
      at TypeScriptParserMixin.parse (C:\Projelerim\Compileme\frontend\node_modules\@babel\parser\lib\index.js:10143:18)
      at parse (C:\Projelerim\Compileme\frontend\node_modules\@babel\parser\lib\index.js:14539:38)
      at parser (C:\Projelerim\Compileme\frontend\node_modules\@babel\core\lib\parser\index.js:41:34)
